===================================
   stoken 0.92: ./test-suite.log
===================================

# TOTAL: 9
# PASS:  9
# SKIP:  0
# XFAIL: 0
# FAIL:  0
# XPASS: 0
# ERROR: 0

.. contents:: :depth: 2

